[robosuite WARNING] No private macro file found! (macros.py:53)
[robosuite WARNING] It is recommended to use a private macro file (macros.py:54)
[robosuite WARNING] To setup, run: python /home/stanley/Stanley_ws/VLA-steering-2027/envs/libero-cf-client/lib/python3.8/site-packages/robosuite/scripts/setup_macros.py (macros.py:55)
[SR] task 0 ep 20: any=False F(touch=True, succ=False) B(touch=False, succ=False) len=220 calls=44 err=None
[SR] task 0 ep 21: any=False F(touch=True, succ=False) B(touch=False, succ=False) len=220 calls=44 err=None
[SR] task 0 ep 22: any=False F(touch=True, succ=False) B(touch=False, succ=False) len=220 calls=44 err=None
[SR] task 0 ep 23: any=True F(touch=False, succ=False) B(touch=True, succ=True) len=86 calls=18 err=None
[SR] task 0 ep 24: any=True F(touch=True, succ=True) B(touch=False, succ=False) len=99 calls=20 err=None
[SR] task 0 ep 25: any=True F(touch=False, succ=False) B(touch=True, succ=True) len=76 calls=16 err=None
[SR] task 0 ep 26: any=False F(touch=True, succ=False) B(touch=False, succ=False) len=220 calls=44 err=None
[SR] task 0 ep 27: any=False F(touch=True, succ=False) B(touch=False, succ=False) len=220 calls=44 err=None
[SR] task 0 ep 28: any=False F(touch=True, succ=False) B(touch=False, succ=False) len=220 calls=44 err=None
[SR] task 0 ep 29: any=False F(touch=True, succ=False) B(touch=False, succ=False) len=220 calls=44 err=None
[SR] task 1 ep 20: any=True F(touch=False, succ=False) B(touch=True, succ=True) len=82 calls=17 err=None
[SR] task 1 ep 21: any=True F(touch=False, succ=False) B(touch=True, succ=True) len=78 calls=16 err=None
[SR] task 1 ep 22: any=True F(touch=False, succ=False) B(touch=True, succ=True) len=82 calls=17 err=None
[SR] task 1 ep 23: any=True F(touch=False, succ=False) B(touch=True, succ=True) len=83 calls=17 err=None
[SR] task 1 ep 24: any=True F(touch=False, succ=False) B(touch=True, succ=True) len=74 calls=15 err=None
[SR] task 1 ep 25: any=True F(touch=False, succ=False) B(touch=True, succ=True) len=76 calls=16 err=None
[SR] task 1 ep 26: any=True F(touch=False, succ=False) B(touch=True, succ=True) len=76 calls=16 err=None
[SR] task 1 ep 27: any=True F(touch=False, succ=False) B(touch=True, succ=True) len=90 calls=18 err=None
[SR] task 1 ep 28: any=True F(touch=False, succ=False) B(touch=True, succ=True) len=75 calls=15 err=None
[SR] task 1 ep 29: any=True F(touch=False, succ=False) B(touch=True, succ=True) len=74 calls=15 err=None
[SR] task 2 ep 20: any=True F(touch=True, succ=False) B(touch=False, succ=False) len=108 calls=22 err=None
[SR] task 2 ep 21: any=True F(touch=True, succ=False) B(touch=False, succ=False) len=125 calls=25 err=None
[SR] task 2 ep 22: any=True F(touch=False, succ=False) B(touch=False, succ=False) len=100 calls=20 err=None
[SR] task 2 ep 23: any=True F(touch=True, succ=False) B(touch=False, succ=False) len=109 calls=22 err=None
[SR] task 2 ep 24: any=True F(touch=True, succ=False) B(touch=False, succ=False) len=102 calls=21 err=None
[SR] task 2 ep 25: any=True F(touch=True, succ=False) B(touch=False, succ=False) len=114 calls=23 err=None
[SR] task 2 ep 26: any=True F(touch=False, succ=False) B(touch=False, succ=False) len=122 calls=25 err=None
[SR] task 2 ep 27: any=True F(touch=True, succ=False) B(touch=False, succ=False) len=108 calls=22 err=None
[SR] task 2 ep 28: any=True F(touch=True, succ=False) B(touch=False, succ=False) len=112 calls=23 err=None
[SR] task 2 ep 29: any=True F(touch=False, succ=False) B(touch=False, succ=False) len=102 calls=21 err=None
[SR] task 3 ep 20: any=True F(touch=False, succ=False) B(touch=True, succ=True) len=89 calls=18 err=None
[SR] task 3 ep 21: any=True F(touch=False, succ=False) B(touch=True, succ=True) len=123 calls=25 err=None
[SR] task 3 ep 22: any=True F(touch=False, succ=False) B(touch=True, succ=True) len=87 calls=18 err=None
[SR] task 3 ep 23: any=True F(touch=True, succ=True) B(touch=False, succ=False) len=139 calls=28 err=None
[SR] task 3 ep 24: any=True F(touch=True, succ=True) B(touch=False, succ=False) len=94 calls=19 err=None
[SR] task 3 ep 25: any=True F(touch=False, succ=False) B(touch=True, succ=True) len=79 calls=16 err=None
[SR] task 3 ep 26: any=True F(touch=True, succ=True) B(touch=False, succ=False) len=125 calls=25 err=None
[SR] task 3 ep 27: any=True F(touch=False, succ=False) B(touch=True, succ=True) len=88 calls=18 err=None
[SR] task 3 ep 28: any=False F(touch=True, succ=False) B(touch=False, succ=False) len=220 calls=44 err=None
[SR] task 3 ep 29: any=True F(touch=False, succ=False) B(touch=True, succ=True) len=80 calls=16 err=None
[SR] task 4 ep 20: any=True F(touch=False, succ=False) B(touch=True, succ=True) len=125 calls=25 err=None
[SR] task 4 ep 21: any=True F(touch=False, succ=False) B(touch=True, succ=True) len=93 calls=19 err=None
[SR] task 4 ep 22: any=True F(touch=False, succ=False) B(touch=True, succ=True) len=162 calls=33 err=None
[SR] task 4 ep 23: any=True F(touch=False, succ=False) B(touch=True, succ=True) len=96 calls=20 err=None
[SR] task 4 ep 24: any=True F(touch=False, succ=False) B(touch=True, succ=True) len=179 calls=36 err=None
[SR] task 4 ep 25: any=True F(touch=False, succ=False) B(touch=True, succ=True) len=97 calls=20 err=None
[SR] task 4 ep 26: any=False F(touch=False, succ=False) B(touch=True, succ=False) len=220 calls=44 err=None
[SR] task 4 ep 27: any=True F(touch=True, succ=True) B(touch=False, succ=False) len=138 calls=28 err=None
[SR] task 4 ep 28: any=True F(touch=False, succ=False) B(touch=True, succ=True) len=86 calls=18 err=None
[SR] task 4 ep 29: any=True F(touch=False, succ=False) B(touch=False, succ=False) len=140 calls=28 err=None
[SR] task 5 ep 20: any=True F(touch=False, succ=False) B(touch=True, succ=True) len=183 calls=37 err=None
[SR] task 5 ep 21: any=True F(touch=True, succ=True) B(touch=False, succ=False) len=145 calls=29 err=None
[SR] task 5 ep 22: any=True F(touch=False, succ=False) B(touch=True, succ=True) len=126 calls=26 err=None
[SR] task 5 ep 23: any=True F(touch=False, succ=False) B(touch=True, succ=True) len=117 calls=24 err=None
[SR] task 5 ep 24: any=True F(touch=False, succ=False) B(touch=True, succ=True) len=148 calls=30 err=None
[SR] task 5 ep 25: any=False F(touch=False, succ=False) B(touch=True, succ=False) len=220 calls=44 err=None
[SR] task 5 ep 26: any=True F(touch=False, succ=False) B(touch=True, succ=True) len=213 calls=43 err=None
[SR] task 5 ep 27: any=False F(touch=False, succ=False) B(touch=False, succ=False) len=220 calls=44 err=None
[SR] task 5 ep 28: any=True F(touch=False, succ=False) B(touch=True, succ=True) len=135 calls=27 err=None
[SR] task 5 ep 29: any=True F(touch=False, succ=False) B(touch=True, succ=True) len=217 calls=44 err=None
[SR] task 6 ep 20: any=True F(touch=True, succ=True) B(touch=False, succ=False) len=84 calls=17 err=None
[SR] task 6 ep 21: any=True F(touch=True, succ=True) B(touch=False, succ=False) len=82 calls=17 err=None
[SR] task 6 ep 22: any=True F(touch=True, succ=True) B(touch=False, succ=False) len=85 calls=17 err=None
[SR] task 6 ep 23: any=True F(touch=True, succ=True) B(touch=False, succ=False) len=75 calls=15 err=None
[SR] task 6 ep 24: any=True F(touch=True, succ=True) B(touch=False, succ=False) len=81 calls=17 err=None
[SR] task 6 ep 25: any=True F(touch=True, succ=True) B(touch=False, succ=False) len=80 calls=16 err=None
[SR] task 6 ep 26: any=True F(touch=True, succ=True) B(touch=False, succ=False) len=80 calls=16 err=None
[SR] task 6 ep 27: any=True F(touch=True, succ=True) B(touch=False, succ=False) len=80 calls=16 err=None
[SR] task 6 ep 28: any=True F(touch=True, succ=True) B(touch=False, succ=False) len=83 calls=17 err=None
[SR] task 6 ep 29: any=True F(touch=True, succ=True) B(touch=False, succ=False) len=82 calls=17 err=None
[SR] task 7 ep 20: any=True F(touch=True, succ=False) B(touch=True, succ=True) len=108 calls=22 err=None
[SR] task 7 ep 21: any=False F(touch=False, succ=False) B(touch=True, succ=False) len=220 calls=44 err=None
[SR] task 7 ep 22: any=True F(touch=False, succ=False) B(touch=True, succ=True) len=105 calls=21 err=None
[SR] task 7 ep 23: any=True F(touch=True, succ=False) B(touch=True, succ=True) len=111 calls=23 err=None
[SR] task 7 ep 24: any=False F(touch=True, succ=False) B(touch=False, succ=False) len=220 calls=44 err=None
[SR] task 7 ep 25: any=True F(touch=True, succ=False) B(touch=True, succ=True) len=103 calls=21 err=None
[SR] task 7 ep 26: any=True F(touch=True, succ=False) B(touch=True, succ=True) len=111 calls=23 err=None
[SR] task 7 ep 27: any=True F(touch=False, succ=False) B(touch=True, succ=True) len=105 calls=21 err=None
[SR] task 7 ep 28: any=True F(touch=True, succ=False) B(touch=True, succ=True) len=115 calls=23 err=None
[SR] task 7 ep 29: any=True F(touch=True, succ=False) B(touch=True, succ=True) len=98 calls=20 err=None
[SR] task 8 ep 20: any=True F(touch=True, succ=True) B(touch=False, succ=False) len=115 calls=23 err=None
[SR] task 8 ep 21: any=True F(touch=True, succ=True) B(touch=False, succ=False) len=105 calls=21 err=None
[SR] task 8 ep 22: any=False F(touch=True, succ=False) B(touch=False, succ=False) len=220 calls=44 err=None
[SR] task 8 ep 23: any=True F(touch=True, succ=True) B(touch=False, succ=False) len=100 calls=20 err=None
[SR] task 8 ep 24: any=True F(touch=True, succ=True) B(touch=False, succ=False) len=95 calls=19 err=None
[SR] task 8 ep 25: any=True F(touch=True, succ=True) B(touch=False, succ=False) len=96 calls=20 err=None
[SR] task 8 ep 26: any=True F(touch=True, succ=True) B(touch=False, succ=False) len=99 calls=20 err=None
[SR] task 8 ep 27: any=False F(touch=True, succ=False) B(touch=False, succ=False) len=220 calls=44 err=None
[SR] task 8 ep 28: any=True F(touch=True, succ=True) B(touch=False, succ=False) len=94 calls=19 err=None
[SR] task 8 ep 29: any=False F(touch=True, succ=False) B(touch=False, succ=False) len=220 calls=44 err=None
[SR] task 9 ep 20: any=True F(touch=True, succ=True) B(touch=False, succ=False) len=105 calls=21 err=None
[SR] task 9 ep 21: any=True F(touch=True, succ=True) B(touch=False, succ=False) len=111 calls=23 err=None
[SR] task 9 ep 22: any=True F(touch=True, succ=True) B(touch=False, succ=False) len=108 calls=22 err=None
[SR] task 9 ep 23: any=True F(touch=True, succ=True) B(touch=True, succ=False) len=111 calls=23 err=None
[SR] task 9 ep 24: any=True F(touch=True, succ=True) B(touch=False, succ=False) len=111 calls=23 err=None
[SR] task 9 ep 25: any=True F(touch=True, succ=True) B(touch=True, succ=False) len=114 calls=23 err=None
[SR] task 9 ep 26: any=True F(touch=True, succ=True) B(touch=True, succ=False) len=109 calls=22 err=None
[SR] task 9 ep 27: any=True F(touch=True, succ=True) B(touch=False, succ=False) len=111 calls=23 err=None
[SR] task 9 ep 28: any=True F(touch=True, succ=True) B(touch=False, succ=False) len=111 calls=23 err=None
[SR] task 9 ep 29: any=True F(touch=True, succ=True) B(touch=False, succ=False) len=109 calls=22 err=None
[SR] task 10 ep 20: any=False F(touch=False, succ=False) B(touch=True, succ=False) len=220 calls=44 err=None
[SR] task 10 ep 21: any=False F(touch=True, succ=False) B(touch=False, succ=False) len=220 calls=44 err=None
[SR] task 10 ep 22: any=True F(touch=False, succ=False) B(touch=True, succ=True) len=128 calls=26 err=None
[SR] task 10 ep 23: any=True F(touch=False, succ=False) B(touch=False, succ=False) len=169 calls=34 err=None
[SR] task 10 ep 24: any=True F(touch=False, succ=False) B(touch=False, succ=False) len=122 calls=25 err=None
[SR] task 10 ep 25: any=True F(touch=False, succ=False) B(touch=False, succ=False) len=109 calls=22 err=None
[SR] task 10 ep 26: any=True F(touch=False, succ=False) B(touch=False, succ=False) len=115 calls=23 err=None
[SR] task 10 ep 27: any=False F(touch=True, succ=False) B(touch=False, succ=False) len=220 calls=44 err=None
[SR] task 10 ep 28: any=True F(touch=False, succ=False) B(touch=True, succ=True) len=193 calls=39 err=None
[SR] task 10 ep 29: any=True F(touch=False, succ=False) B(touch=True, succ=True) len=193 calls=39 err=None
[SR] task 11 ep 20: any=True F(touch=False, succ=False) B(touch=True, succ=True) len=104 calls=21 err=None
[SR] task 11 ep 21: any=True F(touch=False, succ=False) B(touch=True, succ=True) len=91 calls=19 err=None
[SR] task 11 ep 22: any=True F(touch=False, succ=False) B(touch=True, succ=True) len=90 calls=18 err=None
[SR] task 11 ep 23: any=True F(touch=False, succ=False) B(touch=True, succ=True) len=93 calls=19 err=None
[SR] task 11 ep 24: any=True F(touch=True, succ=True) B(touch=False, succ=False) len=118 calls=24 err=None
[SR] task 11 ep 25: any=True F(touch=False, succ=False) B(touch=True, succ=True) len=86 calls=18 err=None
[SR] task 11 ep 26: any=True F(touch=False, succ=False) B(touch=True, succ=True) len=96 calls=20 err=None
[SR] task 11 ep 27: any=True F(touch=False, succ=False) B(touch=True, succ=True) len=86 calls=18 err=None
[SR] task 11 ep 28: any=True F(touch=True, succ=False) B(touch=True, succ=True) len=93 calls=19 err=None
[SR] task 11 ep 29: any=True F(touch=False, succ=False) B(touch=True, succ=True) len=86 calls=18 err=None
[SR] task 12 ep 20: any=True F(touch=True, succ=True) B(touch=False, succ=False) len=122 calls=25 err=None
[SR] task 12 ep 21: any=True F(touch=True, succ=True) B(touch=False, succ=False) len=137 calls=28 err=None
[SR] task 12 ep 22: any=True F(touch=True, succ=True) B(touch=False, succ=False) len=155 calls=31 err=None
[SR] task 12 ep 23: any=True F(touch=True, succ=True) B(touch=False, succ=False) len=113 calls=23 err=None
[SR] task 12 ep 24: any=True F(touch=True, succ=True) B(touch=False, succ=False) len=122 calls=25 err=None
[SR] task 12 ep 25: any=True F(touch=True, succ=True) B(touch=False, succ=False) len=116 calls=24 err=None
[SR] task 12 ep 26: any=True F(touch=False, succ=False) B(touch=True, succ=True) len=86 calls=18 err=None
[SR] task 12 ep 27: any=True F(touch=True, succ=True) B(touch=False, succ=False) len=119 calls=24 err=None
[SR] task 12 ep 28: any=True F(touch=True, succ=True) B(touch=False, succ=False) len=136 calls=28 err=None
[SR] task 12 ep 29: any=True F(touch=True, succ=True) B(touch=False, succ=False) len=119 calls=24 err=None
Gym has been unmaintained since 2022 and does not support NumPy 2.0 amongst other critical functionality.
Please upgrade to Gymnasium, the maintained drop-in replacement of Gym, or contact the authors of your software and request that they upgrade.
See the migration guide at https://gymnasium.farama.org/introduction/migration_guide/ for additional information.
wrote /home/stanley/Stanley_ws/VLA-steering-2027/results/S2d/seed1/SR/episodes.jsonl
exit 0
