[robosuite WARNING] No private macro file found! (macros.py:53)
[robosuite WARNING] It is recommended to use a private macro file (macros.py:54)
[robosuite WARNING] To setup, run: python /home/stanley/Stanley_ws/VLA-steering-2027/envs/libero-cf-client/lib/python3.8/site-packages/robosuite/scripts/setup_macros.py (macros.py:55)
[S] task 0 ep 0: any=True F(touch=True, succ=True) B(touch=False, succ=False) len=114 calls=23 err=None
[S] task 0 ep 1: any=False F(touch=True, succ=False) B(touch=False, succ=False) len=220 calls=44 err=None
[S] task 0 ep 2: any=True F(touch=True, succ=True) B(touch=False, succ=False) len=105 calls=21 err=None
[S] task 0 ep 3: any=False F(touch=True, succ=False) B(touch=True, succ=False) len=220 calls=44 err=None
[S] task 0 ep 4: any=True F(touch=True, succ=True) B(touch=False, succ=False) len=99 calls=20 err=None
[S] task 0 ep 5: any=True F(touch=False, succ=False) B(touch=True, succ=True) len=95 calls=19 err=None
[S] task 0 ep 6: any=True F(touch=True, succ=True) B(touch=False, succ=False) len=110 calls=22 err=None
[S] task 0 ep 7: any=False F(touch=True, succ=False) B(touch=True, succ=False) len=220 calls=44 err=None
[S] task 0 ep 8: any=False F(touch=True, succ=False) B(touch=False, succ=False) len=220 calls=44 err=None
[S] task 0 ep 9: any=False F(touch=True, succ=False) B(touch=False, succ=False) len=220 calls=44 err=None
[S] task 0 ep 10: any=True F(touch=True, succ=True) B(touch=False, succ=False) len=99 calls=20 err=None
[S] task 0 ep 11: any=True F(touch=False, succ=False) B(touch=True, succ=True) len=196 calls=40 err=None
[S] task 0 ep 12: any=True F(touch=True, succ=True) B(touch=False, succ=False) len=109 calls=22 err=None
[S] task 0 ep 13: any=True F(touch=True, succ=True) B(touch=False, succ=False) len=96 calls=20 err=None
[S] task 0 ep 14: any=False F(touch=True, succ=False) B(touch=False, succ=False) len=220 calls=44 err=None
[S] task 0 ep 15: any=False F(touch=True, succ=False) B(touch=True, succ=False) len=220 calls=44 err=None
[S] task 0 ep 16: any=True F(touch=True, succ=True) B(touch=False, succ=False) len=100 calls=20 err=None
[S] task 0 ep 17: any=False F(touch=True, succ=False) B(touch=False, succ=False) len=220 calls=44 err=None
[S] task 0 ep 18: any=False F(touch=True, succ=False) B(touch=False, succ=False) len=220 calls=44 err=None
[S] task 0 ep 19: any=False F(touch=True, succ=False) B(touch=False, succ=False) len=220 calls=44 err=None
[S] task 6 ep 0: any=True F(touch=True, succ=True) B(touch=False, succ=False) len=85 calls=17 err=None
[S] task 6 ep 1: any=True F(touch=True, succ=True) B(touch=False, succ=False) len=172 calls=35 err=None
[S] task 6 ep 2: any=True F(touch=True, succ=True) B(touch=False, succ=False) len=87 calls=18 err=None
[S] task 6 ep 3: any=True F(touch=True, succ=True) B(touch=False, succ=False) len=83 calls=17 err=None
[S] task 6 ep 4: any=True F(touch=True, succ=True) B(touch=False, succ=False) len=79 calls=16 err=None
[S] task 6 ep 5: any=True F(touch=True, succ=True) B(touch=False, succ=False) len=81 calls=17 err=None
[S] task 6 ep 6: any=True F(touch=True, succ=True) B(touch=False, succ=False) len=90 calls=18 err=None
[S] task 6 ep 7: any=True F(touch=True, succ=True) B(touch=False, succ=False) len=83 calls=17 err=None
[S] task 6 ep 8: any=True F(touch=True, succ=True) B(touch=False, succ=False) len=86 calls=18 err=None
[S] task 6 ep 9: any=True F(touch=True, succ=True) B(touch=False, succ=False) len=84 calls=17 err=None
[S] task 6 ep 10: any=True F(touch=True, succ=True) B(touch=False, succ=False) len=80 calls=16 err=None
[S] task 6 ep 11: any=True F(touch=True, succ=True) B(touch=False, succ=False) len=74 calls=15 err=None
[S] task 6 ep 12: any=True F(touch=True, succ=True) B(touch=False, succ=False) len=81 calls=17 err=None
[S] task 6 ep 13: any=True F(touch=True, succ=True) B(touch=False, succ=False) len=80 calls=16 err=None
[S] task 6 ep 14: any=True F(touch=True, succ=True) B(touch=False, succ=False) len=84 calls=17 err=None
[S] task 6 ep 15: any=True F(touch=True, succ=True) B(touch=False, succ=False) len=81 calls=17 err=None
[S] task 6 ep 16: any=True F(touch=True, succ=True) B(touch=False, succ=False) len=86 calls=18 err=None
[S] task 6 ep 17: any=True F(touch=True, succ=True) B(touch=False, succ=False) len=82 calls=17 err=None
[S] task 6 ep 18: any=True F(touch=True, succ=True) B(touch=False, succ=False) len=83 calls=17 err=None
[S] task 6 ep 19: any=True F(touch=True, succ=True) B(touch=False, succ=False) len=82 calls=17 err=None
[S] task 12 ep 0: any=True F(touch=True, succ=True) B(touch=False, succ=False) len=111 calls=23 err=None
[S] task 12 ep 1: any=True F(touch=True, succ=True) B(touch=False, succ=False) len=141 calls=29 err=None
[S] task 12 ep 2: any=True F(touch=True, succ=True) B(touch=False, succ=False) len=139 calls=28 err=None
[S] task 12 ep 3: any=True F(touch=True, succ=True) B(touch=False, succ=False) len=116 calls=24 err=None
[S] task 12 ep 4: any=True F(touch=True, succ=True) B(touch=False, succ=False) len=120 calls=24 err=None
[S] task 12 ep 5: any=True F(touch=True, succ=True) B(touch=False, succ=False) len=111 calls=23 err=None
[S] task 12 ep 6: any=True F(touch=True, succ=True) B(touch=False, succ=False) len=144 calls=29 err=None
[S] task 12 ep 7: any=True F(touch=True, succ=True) B(touch=False, succ=False) len=119 calls=24 err=None
[S] task 12 ep 8: any=True F(touch=True, succ=True) B(touch=False, succ=False) len=110 calls=22 err=None
[S] task 12 ep 9: any=True F(touch=True, succ=True) B(touch=False, succ=False) len=109 calls=22 err=None
[S] task 12 ep 10: any=True F(touch=True, succ=True) B(touch=False, succ=False) len=110 calls=22 err=None
[S] task 12 ep 11: any=True F(touch=True, succ=True) B(touch=False, succ=False) len=123 calls=25 err=None
[S] task 12 ep 12: any=True F(touch=True, succ=False) B(touch=True, succ=True) len=173 calls=35 err=None
[S] task 12 ep 13: any=True F(touch=True, succ=True) B(touch=False, succ=False) len=108 calls=22 err=None
[S] task 12 ep 14: any=True F(touch=True, succ=True) B(touch=False, succ=False) len=114 calls=23 err=None
[S] task 12 ep 15: any=True F(touch=True, succ=True) B(touch=False, succ=False) len=120 calls=24 err=None
[S] task 12 ep 16: any=True F(touch=True, succ=True) B(touch=False, succ=False) len=168 calls=34 err=None
[S] task 12 ep 17: any=True F(touch=True, succ=True) B(touch=False, succ=False) len=107 calls=22 err=None
[S] task 12 ep 18: any=True F(touch=True, succ=True) B(touch=False, succ=False) len=123 calls=25 err=None
[S] task 12 ep 19: any=True F(touch=True, succ=True) B(touch=False, succ=False) len=115 calls=23 err=None
Gym has been unmaintained since 2022 and does not support NumPy 2.0 amongst other critical functionality.
Please upgrade to Gymnasium, the maintained drop-in replacement of Gym, or contact the authors of your software and request that they upgrade.
See the migration guide at https://gymnasium.farama.org/introduction/migration_guide/ for additional information.
wrote /home/stanley/Stanley_ws/VLA-steering-2027/results/S2_pilot/S/episodes.jsonl
