[robosuite WARNING] No private macro file found! (macros.py:53)
[robosuite WARNING] It is recommended to use a private macro file (macros.py:54)
[robosuite WARNING] To setup, run: python /home/stanley/Stanley_ws/VLA-steering-2027/envs/libero-cf-client/lib/python3.8/site-packages/robosuite/scripts/setup_macros.py (macros.py:55)
[SN] task 0 ep 20: any=True F(touch=True, succ=True) B(touch=False, succ=False) len=97 calls=20 err=None
[SN] task 0 ep 21: any=True F(touch=True, succ=True) B(touch=False, succ=False) len=94 calls=19 err=None
[SN] task 0 ep 22: any=False F(touch=True, succ=False) B(touch=False, succ=False) len=220 calls=44 err=None
[SN] task 0 ep 23: any=True F(touch=False, succ=False) B(touch=True, succ=True) len=84 calls=17 err=None
[SN] task 0 ep 24: any=True F(touch=False, succ=False) B(touch=True, succ=True) len=86 calls=18 err=None
[SN] task 0 ep 25: any=True F(touch=False, succ=False) B(touch=True, succ=True) len=96 calls=20 err=None
[SN] task 0 ep 26: any=False F(touch=True, succ=False) B(touch=False, succ=False) len=220 calls=44 err=None
[SN] task 0 ep 27: any=False F(touch=True, succ=False) B(touch=False, succ=False) len=220 calls=44 err=None
[SN] task 0 ep 28: any=True F(touch=True, succ=True) B(touch=False, succ=False) len=99 calls=20 err=None
[SN] task 0 ep 29: any=True F(touch=False, succ=False) B(touch=True, succ=True) len=105 calls=21 err=None
[SN] task 1 ep 20: any=True F(touch=False, succ=False) B(touch=True, succ=True) len=83 calls=17 err=None
[SN] task 1 ep 21: any=True F(touch=False, succ=False) B(touch=True, succ=True) len=85 calls=17 err=None
[SN] task 1 ep 22: any=True F(touch=False, succ=False) B(touch=True, succ=True) len=84 calls=17 err=None
[SN] task 1 ep 23: any=True F(touch=False, succ=False) B(touch=True, succ=True) len=79 calls=16 err=None
[SN] task 1 ep 24: any=True F(touch=False, succ=False) B(touch=True, succ=True) len=112 calls=23 err=None
[SN] task 1 ep 25: any=True F(touch=False, succ=False) B(touch=True, succ=True) len=74 calls=15 err=None
[SN] task 1 ep 26: any=True F(touch=False, succ=False) B(touch=True, succ=True) len=77 calls=16 err=None
[SN] task 1 ep 27: any=True F(touch=False, succ=False) B(touch=True, succ=True) len=82 calls=17 err=None
[SN] task 1 ep 28: any=True F(touch=False, succ=False) B(touch=True, succ=True) len=72 calls=15 err=None
[SN] task 1 ep 29: any=True F(touch=False, succ=False) B(touch=True, succ=True) len=74 calls=15 err=None
[SN] task 2 ep 20: any=True F(touch=True, succ=False) B(touch=False, succ=False) len=102 calls=21 err=None
[SN] task 2 ep 21: any=False F(touch=True, succ=False) B(touch=False, succ=False) len=220 calls=44 err=None
[SN] task 2 ep 22: any=True F(touch=False, succ=False) B(touch=False, succ=False) len=100 calls=20 err=None
[SN] task 2 ep 23: any=True F(touch=True, succ=True) B(touch=False, succ=False) len=104 calls=21 err=None
[SN] task 2 ep 24: any=True F(touch=True, succ=False) B(touch=False, succ=False) len=101 calls=21 err=None
[SN] task 2 ep 25: any=True F(touch=True, succ=False) B(touch=False, succ=False) len=113 calls=23 err=None
[SN] task 2 ep 26: any=True F(touch=True, succ=False) B(touch=False, succ=False) len=119 calls=24 err=None
[SN] task 2 ep 27: any=True F(touch=True, succ=False) B(touch=False, succ=False) len=104 calls=21 err=None
[SN] task 2 ep 28: any=True F(touch=True, succ=True) B(touch=False, succ=False) len=109 calls=22 err=None
[SN] task 2 ep 29: any=True F(touch=False, succ=False) B(touch=False, succ=False) len=109 calls=22 err=None
[SN] task 3 ep 20: any=True F(touch=False, succ=False) B(touch=True, succ=True) len=97 calls=20 err=None
[SN] task 3 ep 21: any=True F(touch=False, succ=False) B(touch=True, succ=True) len=128 calls=26 err=None
[SN] task 3 ep 22: any=True F(touch=False, succ=False) B(touch=True, succ=True) len=88 calls=18 err=None
[SN] task 3 ep 23: any=False F(touch=True, succ=False) B(touch=True, succ=False) len=220 calls=44 err=None
[SN] task 3 ep 24: any=True F(touch=True, succ=True) B(touch=False, succ=False) len=100 calls=20 err=None
[SN] task 3 ep 25: any=True F(touch=False, succ=False) B(touch=True, succ=True) len=84 calls=17 err=None
[SN] task 3 ep 26: any=True F(touch=True, succ=True) B(touch=False, succ=False) len=99 calls=20 err=None
[SN] task 3 ep 27: any=True F(touch=False, succ=False) B(touch=True, succ=True) len=88 calls=18 err=None
[SN] task 3 ep 28: any=False F(touch=True, succ=False) B(touch=False, succ=False) len=220 calls=44 err=None
[SN] task 3 ep 29: any=True F(touch=False, succ=False) B(touch=True, succ=True) len=83 calls=17 err=None
[SN] task 4 ep 20: any=True F(touch=False, succ=False) B(touch=True, succ=True) len=167 calls=34 err=None
[SN] task 4 ep 21: any=True F(touch=False, succ=False) B(touch=True, succ=True) len=122 calls=25 err=None
[SN] task 4 ep 22: any=True F(touch=False, succ=False) B(touch=True, succ=True) len=87 calls=18 err=None
[SN] task 4 ep 23: any=False F(touch=False, succ=False) B(touch=True, succ=False) len=220 calls=44 err=None
[SN] task 4 ep 24: any=True F(touch=False, succ=False) B(touch=True, succ=True) len=121 calls=25 err=None
[SN] task 4 ep 25: any=True F(touch=False, succ=False) B(touch=True, succ=True) len=91 calls=19 err=None
[SN] task 4 ep 26: any=False F(touch=False, succ=False) B(touch=True, succ=False) len=220 calls=44 err=None
[SN] task 4 ep 27: any=True F(touch=False, succ=False) B(touch=True, succ=True) len=83 calls=17 err=None
[SN] task 4 ep 28: any=True F(touch=False, succ=False) B(touch=True, succ=True) len=87 calls=18 err=None
[SN] task 4 ep 29: any=True F(touch=False, succ=False) B(touch=True, succ=True) len=98 calls=20 err=None
[SN] task 5 ep 20: any=False F(touch=False, succ=False) B(touch=False, succ=False) len=220 calls=44 err=None
[SN] task 5 ep 21: any=False F(touch=False, succ=False) B(touch=False, succ=False) len=220 calls=44 err=None
[SN] task 5 ep 22: any=False F(touch=False, succ=False) B(touch=True, succ=False) len=220 calls=44 err=None
[SN] task 5 ep 23: any=False F(touch=False, succ=False) B(touch=False, succ=False) len=220 calls=44 err=None
[SN] task 5 ep 24: any=True F(touch=False, succ=False) B(touch=True, succ=True) len=160 calls=32 err=None
[SN] task 5 ep 25: any=False F(touch=False, succ=False) B(touch=False, succ=False) len=220 calls=44 err=None
[SN] task 5 ep 26: any=True F(touch=False, succ=False) B(touch=True, succ=True) len=169 calls=34 err=None
[SN] task 5 ep 27: any=True F(touch=True, succ=True) B(touch=False, succ=False) len=182 calls=37 err=None
[SN] task 5 ep 28: any=True F(touch=False, succ=False) B(touch=True, succ=True) len=133 calls=27 err=None
[SN] task 5 ep 29: any=False F(touch=False, succ=False) B(touch=False, succ=False) len=220 calls=44 err=None
[SN] task 6 ep 20: any=True F(touch=True, succ=True) B(touch=False, succ=False) len=85 calls=17 err=None
[SN] task 6 ep 21: any=True F(touch=True, succ=True) B(touch=False, succ=False) len=114 calls=23 err=None
[SN] task 6 ep 22: any=True F(touch=True, succ=True) B(touch=False, succ=False) len=86 calls=18 err=None
[SN] task 6 ep 23: any=True F(touch=True, succ=True) B(touch=False, succ=False) len=81 calls=17 err=None
[SN] task 6 ep 24: any=True F(touch=True, succ=True) B(touch=False, succ=False) len=81 calls=17 err=None
[SN] task 6 ep 25: any=True F(touch=True, succ=True) B(touch=False, succ=False) len=80 calls=16 err=None
[SN] task 6 ep 26: any=True F(touch=True, succ=True) B(touch=False, succ=False) len=81 calls=17 err=None
[SN] task 6 ep 27: any=True F(touch=True, succ=True) B(touch=False, succ=False) len=81 calls=17 err=None
[SN] task 6 ep 28: any=True F(touch=True, succ=True) B(touch=False, succ=False) len=85 calls=17 err=None
[SN] task 6 ep 29: any=True F(touch=True, succ=True) B(touch=False, succ=False) len=83 calls=17 err=None
[SN] task 7 ep 20: any=True F(touch=True, succ=True) B(touch=False, succ=False) len=109 calls=22 err=None
[SN] task 7 ep 21: any=True F(touch=False, succ=False) B(touch=True, succ=True) len=130 calls=26 err=None
[SN] task 7 ep 22: any=True F(touch=True, succ=False) B(touch=True, succ=True) len=125 calls=25 err=None
[SN] task 7 ep 23: any=True F(touch=True, succ=False) B(touch=True, succ=True) len=117 calls=24 err=None
[SN] task 7 ep 24: any=True F(touch=True, succ=True) B(touch=False, succ=False) len=102 calls=21 err=None
[SN] task 7 ep 25: any=True F(touch=True, succ=False) B(touch=True, succ=True) len=102 calls=21 err=None
[SN] task 7 ep 26: any=True F(touch=True, succ=False) B(touch=True, succ=True) len=112 calls=23 err=None
[SN] task 7 ep 27: any=True F(touch=False, succ=False) B(touch=True, succ=True) len=105 calls=21 err=None
[SN] task 7 ep 28: any=True F(touch=False, succ=False) B(touch=True, succ=True) len=100 calls=20 err=None
[SN] task 7 ep 29: any=False F(touch=True, succ=False) B(touch=True, succ=False) len=220 calls=44 err=None
[SN] task 8 ep 20: any=True F(touch=True, succ=True) B(touch=False, succ=False) len=120 calls=24 err=None
[SN] task 8 ep 21: any=True F(touch=True, succ=True) B(touch=False, succ=False) len=144 calls=29 err=None
[SN] task 8 ep 22: any=True F(touch=True, succ=True) B(touch=False, succ=False) len=97 calls=20 err=None
[SN] task 8 ep 23: any=True F(touch=True, succ=True) B(touch=False, succ=False) len=105 calls=21 err=None
[SN] task 8 ep 24: any=True F(touch=True, succ=True) B(touch=False, succ=False) len=100 calls=20 err=None
[SN] task 8 ep 25: any=True F(touch=True, succ=True) B(touch=False, succ=False) len=99 calls=20 err=None
[SN] task 8 ep 26: any=True F(touch=True, succ=True) B(touch=False, succ=False) len=99 calls=20 err=None
[SN] task 8 ep 27: any=False F(touch=True, succ=False) B(touch=False, succ=False) len=220 calls=44 err=None
[SN] task 8 ep 28: any=True F(touch=True, succ=True) B(touch=False, succ=False) len=95 calls=19 err=None
[SN] task 8 ep 29: any=True F(touch=True, succ=True) B(touch=False, succ=False) len=130 calls=26 err=None
[SN] task 9 ep 20: any=True F(touch=True, succ=True) B(touch=False, succ=False) len=105 calls=21 err=None
[SN] task 9 ep 21: any=True F(touch=True, succ=True) B(touch=False, succ=False) len=99 calls=20 err=None
[SN] task 9 ep 22: any=True F(touch=True, succ=True) B(touch=False, succ=False) len=99 calls=20 err=None
[SN] task 9 ep 23: any=True F(touch=True, succ=False) B(touch=True, succ=True) len=194 calls=39 err=None
[SN] task 9 ep 24: any=True F(touch=True, succ=True) B(touch=False, succ=False) len=111 calls=23 err=None
[SN] task 9 ep 25: any=False F(touch=True, succ=False) B(touch=True, succ=False) len=220 calls=44 err=None
[SN] task 9 ep 26: any=True F(touch=True, succ=True) B(touch=False, succ=False) len=112 calls=23 err=None
[SN] task 9 ep 27: any=True F(touch=True, succ=True) B(touch=False, succ=False) len=107 calls=22 err=None
[SN] task 9 ep 28: any=True F(touch=True, succ=True) B(touch=False, succ=False) len=109 calls=22 err=None
[SN] task 9 ep 29: any=True F(touch=True, succ=True) B(touch=False, succ=False) len=102 calls=21 err=None
[SN] task 10 ep 20: any=True F(touch=False, succ=False) B(touch=False, succ=False) len=128 calls=26 err=None
[SN] task 10 ep 21: any=True F(touch=True, succ=True) B(touch=False, succ=False) len=123 calls=25 err=None
[SN] task 10 ep 22: any=False F(touch=False, succ=False) B(touch=True, succ=False) len=220 calls=44 err=None
[SN] task 10 ep 23: any=False F(touch=False, succ=False) B(touch=True, succ=False) len=220 calls=44 err=None
[SN] task 10 ep 24: any=True F(touch=False, succ=False) B(touch=False, succ=False) len=120 calls=24 err=None
[SN] task 10 ep 25: any=True F(touch=False, succ=False) B(touch=False, succ=False) len=115 calls=23 err=None
[SN] task 10 ep 26: any=True F(touch=False, succ=False) B(touch=False, succ=False) len=114 calls=23 err=None
[SN] task 10 ep 27: any=False F(touch=True, succ=False) B(touch=False, succ=False) len=220 calls=44 err=None
[SN] task 10 ep 28: any=False F(touch=False, succ=False) B(touch=True, succ=False) len=220 calls=44 err=None
[SN] task 10 ep 29: any=True F(touch=False, succ=False) B(touch=True, succ=True) len=165 calls=33 err=None
[SN] task 11 ep 20: any=True F(touch=False, succ=False) B(touch=True, succ=True) len=103 calls=21 err=None
[SN] task 11 ep 21: any=True F(touch=False, succ=False) B(touch=True, succ=True) len=68 calls=14 err=None
[SN] task 11 ep 22: any=True F(touch=True, succ=False) B(touch=True, succ=True) len=92 calls=19 err=None
[SN] task 11 ep 23: any=True F(touch=True, succ=False) B(touch=True, succ=True) len=94 calls=19 err=None
[SN] task 11 ep 24: any=True F(touch=True, succ=True) B(touch=False, succ=False) len=134 calls=27 err=None
[SN] task 11 ep 25: any=True F(touch=False, succ=False) B(touch=True, succ=True) len=78 calls=16 err=None
[SN] task 11 ep 26: any=True F(touch=False, succ=False) B(touch=True, succ=True) len=97 calls=20 err=None
[SN] task 11 ep 27: any=True F(touch=False, succ=False) B(touch=True, succ=True) len=92 calls=19 err=None
[SN] task 11 ep 28: any=True F(touch=False, succ=False) B(touch=True, succ=True) len=90 calls=18 err=None
[SN] task 11 ep 29: any=True F(touch=False, succ=False) B(touch=True, succ=True) len=89 calls=18 err=None
[SN] task 12 ep 20: any=True F(touch=True, succ=True) B(touch=False, succ=False) len=113 calls=23 err=None
[SN] task 12 ep 21: any=True F(touch=True, succ=True) B(touch=False, succ=False) len=109 calls=22 err=None
[SN] task 12 ep 22: any=True F(touch=True, succ=True) B(touch=False, succ=False) len=131 calls=27 err=None
[SN] task 12 ep 23: any=True F(touch=True, succ=True) B(touch=False, succ=False) len=108 calls=22 err=None
[SN] task 12 ep 24: any=True F(touch=True, succ=True) B(touch=False, succ=False) len=124 calls=25 err=None
[SN] task 12 ep 25: any=True F(touch=True, succ=True) B(touch=False, succ=False) len=110 calls=22 err=None
[SN] task 12 ep 26: any=False F(touch=False, succ=False) B(touch=True, succ=False) len=220 calls=44 err=None
[SN] task 12 ep 27: any=True F(touch=True, succ=True) B(touch=False, succ=False) len=108 calls=22 err=None
[SN] task 12 ep 28: any=True F(touch=True, succ=True) B(touch=False, succ=False) len=120 calls=24 err=None
[SN] task 12 ep 29: any=True F(touch=True, succ=True) B(touch=False, succ=False) len=115 calls=23 err=None
Gym has been unmaintained since 2022 and does not support NumPy 2.0 amongst other critical functionality.
Please upgrade to Gymnasium, the maintained drop-in replacement of Gym, or contact the authors of your software and request that they upgrade.
See the migration guide at https://gymnasium.farama.org/introduction/migration_guide/ for additional information.
wrote /home/stanley/Stanley_ws/VLA-steering-2027/results/S2d/seed1/SN/episodes.jsonl
