[robosuite WARNING] No private macro file found! (macros.py:53)
[robosuite WARNING] It is recommended to use a private macro file (macros.py:54)
[robosuite WARNING] To setup, run: python /home/stanley/Stanley_ws/VLA-steering-2027/envs/libero-cf-client/lib/python3.8/site-packages/robosuite/scripts/setup_macros.py (macros.py:55)
[OT] task 0 ep 20: any=True F(touch=True, succ=True) B(touch=False, succ=False) len=100 calls=20 err=None
[OT] task 0 ep 21: any=True F(touch=True, succ=True) B(touch=False, succ=False) len=130 calls=26 err=None
[OT] task 0 ep 22: any=True F(touch=True, succ=True) B(touch=False, succ=False) len=120 calls=24 err=None
[OT] task 0 ep 23: any=True F(touch=False, succ=False) B(touch=True, succ=True) len=112 calls=23 err=None
[OT] task 0 ep 24: any=False F(touch=True, succ=False) B(touch=False, succ=False) len=220 calls=44 err=None
[OT] task 0 ep 25: any=False F(touch=False, succ=False) B(touch=True, succ=False) len=220 calls=44 err=None
[OT] task 0 ep 26: any=False F(touch=True, succ=False) B(touch=False, succ=False) len=220 calls=44 err=None
[OT] task 0 ep 27: any=False F(touch=True, succ=False) B(touch=False, succ=False) len=220 calls=44 err=None
[OT] task 0 ep 28: any=True F(touch=True, succ=True) B(touch=False, succ=False) len=100 calls=20 err=None
[OT] task 0 ep 29: any=True F(touch=False, succ=False) B(touch=True, succ=True) len=102 calls=21 err=None
[OT] task 1 ep 20: any=True F(touch=False, succ=False) B(touch=True, succ=True) len=88 calls=18 err=None
[OT] task 1 ep 21: any=True F(touch=False, succ=False) B(touch=True, succ=True) len=70 calls=14 err=None
[OT] task 1 ep 22: any=True F(touch=False, succ=False) B(touch=True, succ=True) len=71 calls=15 err=None
[OT] task 1 ep 23: any=True F(touch=False, succ=False) B(touch=True, succ=True) len=73 calls=15 err=None
[OT] task 1 ep 24: any=True F(touch=False, succ=False) B(touch=True, succ=True) len=71 calls=15 err=None
[OT] task 1 ep 25: any=True F(touch=False, succ=False) B(touch=True, succ=True) len=74 calls=15 err=None
[OT] task 1 ep 26: any=True F(touch=False, succ=False) B(touch=True, succ=True) len=79 calls=16 err=None
[OT] task 1 ep 27: any=True F(touch=False, succ=False) B(touch=True, succ=True) len=74 calls=15 err=None
[OT] task 1 ep 28: any=True F(touch=False, succ=False) B(touch=True, succ=True) len=72 calls=15 err=None
[OT] task 1 ep 29: any=True F(touch=False, succ=False) B(touch=True, succ=True) len=71 calls=15 err=None
[OT] task 2 ep 20: any=True F(touch=True, succ=False) B(touch=False, succ=False) len=107 calls=22 err=None
[OT] task 2 ep 21: any=False F(touch=True, succ=False) B(touch=False, succ=False) len=220 calls=44 err=None
[OT] task 2 ep 22: any=True F(touch=True, succ=True) B(touch=False, succ=False) len=99 calls=20 err=None
[OT] task 2 ep 23: any=False F(touch=True, succ=False) B(touch=False, succ=False) len=220 calls=44 err=None
[OT] task 2 ep 24: any=False F(touch=True, succ=False) B(touch=False, succ=False) len=220 calls=44 err=None
[OT] task 2 ep 25: any=True F(touch=True, succ=True) B(touch=False, succ=False) len=104 calls=21 err=None
[OT] task 2 ep 26: any=True F(touch=True, succ=True) B(touch=False, succ=False) len=113 calls=23 err=None
[OT] task 2 ep 27: any=True F(touch=True, succ=True) B(touch=False, succ=False) len=114 calls=23 err=None
[OT] task 2 ep 28: any=True F(touch=True, succ=True) B(touch=False, succ=False) len=109 calls=22 err=None
[OT] task 2 ep 29: any=True F(touch=True, succ=True) B(touch=False, succ=False) len=109 calls=22 err=None
[OT] task 3 ep 20: any=True F(touch=False, succ=False) B(touch=True, succ=True) len=94 calls=19 err=None
[OT] task 3 ep 21: any=True F(touch=False, succ=False) B(touch=True, succ=True) len=129 calls=26 err=None
[OT] task 3 ep 22: any=True F(touch=False, succ=False) B(touch=True, succ=True) len=90 calls=18 err=None
[OT] task 3 ep 23: any=True F(touch=False, succ=False) B(touch=True, succ=True) len=96 calls=20 err=None
[OT] task 3 ep 24: any=True F(touch=False, succ=False) B(touch=True, succ=True) len=90 calls=18 err=None
[OT] task 3 ep 25: any=True F(touch=False, succ=False) B(touch=True, succ=True) len=83 calls=17 err=None
[OT] task 3 ep 26: any=True F(touch=True, succ=True) B(touch=False, succ=False) len=100 calls=20 err=None
[OT] task 3 ep 27: any=True F(touch=False, succ=False) B(touch=True, succ=True) len=90 calls=18 err=None
[OT] task 3 ep 28: any=True F(touch=True, succ=True) B(touch=False, succ=False) len=90 calls=18 err=None
[OT] task 3 ep 29: any=True F(touch=False, succ=False) B(touch=True, succ=True) len=85 calls=17 err=None
[OT] task 4 ep 20: any=True F(touch=False, succ=False) B(touch=True, succ=True) len=95 calls=19 err=None
[OT] task 4 ep 21: any=True F(touch=False, succ=False) B(touch=True, succ=True) len=87 calls=18 err=None
[OT] task 4 ep 22: any=True F(touch=False, succ=False) B(touch=True, succ=True) len=88 calls=18 err=None
[OT] task 4 ep 23: any=True F(touch=False, succ=False) B(touch=True, succ=True) len=177 calls=36 err=None
[OT] task 4 ep 24: any=True F(touch=False, succ=False) B(touch=True, succ=True) len=95 calls=19 err=None
[OT] task 4 ep 25: any=True F(touch=False, succ=False) B(touch=True, succ=True) len=84 calls=17 err=None
[OT] task 4 ep 26: any=False F(touch=False, succ=False) B(touch=True, succ=False) len=220 calls=44 err=None
[OT] task 4 ep 27: any=True F(touch=False, succ=False) B(touch=True, succ=True) len=86 calls=18 err=None
[OT] task 4 ep 28: any=True F(touch=False, succ=False) B(touch=True, succ=True) len=89 calls=18 err=None
[OT] task 4 ep 29: any=True F(touch=False, succ=False) B(touch=True, succ=True) len=99 calls=20 err=None
[OT] task 5 ep 20: any=False F(touch=False, succ=False) B(touch=False, succ=False) len=220 calls=44 err=None
[OT] task 5 ep 21: any=True F(touch=True, succ=True) B(touch=False, succ=False) len=204 calls=41 err=None
[OT] task 5 ep 22: any=False F(touch=False, succ=False) B(touch=False, succ=False) len=220 calls=44 err=None
[OT] task 5 ep 23: any=False F(touch=False, succ=False) B(touch=True, succ=False) len=220 calls=44 err=None
[OT] task 5 ep 24: any=True F(touch=False, succ=False) B(touch=True, succ=True) len=159 calls=32 err=None
[OT] task 5 ep 25: any=False F(touch=False, succ=False) B(touch=True, succ=False) len=220 calls=44 err=None
[OT] task 5 ep 26: any=False F(touch=False, succ=False) B(touch=False, succ=False) len=220 calls=44 err=None
[OT] task 5 ep 27: any=True F(touch=True, succ=True) B(touch=False, succ=False) len=144 calls=29 err=None
[OT] task 5 ep 28: any=True F(touch=False, succ=False) B(touch=True, succ=True) len=131 calls=27 err=None
[OT] task 5 ep 29: any=False F(touch=False, succ=False) B(touch=True, succ=False) len=220 calls=44 err=None
[OT] task 6 ep 20: any=True F(touch=True, succ=True) B(touch=False, succ=False) len=79 calls=16 err=None
[OT] task 6 ep 21: any=False F(touch=False, succ=False) B(touch=True, succ=False) len=220 calls=44 err=None
[OT] task 6 ep 22: any=True F(touch=True, succ=True) B(touch=False, succ=False) len=77 calls=16 err=None
[OT] task 6 ep 23: any=True F(touch=True, succ=True) B(touch=False, succ=False) len=90 calls=18 err=None
[OT] task 6 ep 24: any=True F(touch=True, succ=True) B(touch=False, succ=False) len=79 calls=16 err=None
[OT] task 6 ep 25: any=True F(touch=True, succ=True) B(touch=False, succ=False) len=97 calls=20 err=None
[OT] task 6 ep 26: any=True F(touch=True, succ=True) B(touch=False, succ=False) len=76 calls=16 err=None
[OT] task 6 ep 27: any=True F(touch=True, succ=True) B(touch=False, succ=False) len=79 calls=16 err=None
[OT] task 6 ep 28: any=True F(touch=True, succ=True) B(touch=False, succ=False) len=76 calls=16 err=None
[OT] task 6 ep 29: any=True F(touch=True, succ=True) B(touch=False, succ=False) len=79 calls=16 err=None
[OT] task 7 ep 20: any=True F(touch=True, succ=True) B(touch=False, succ=False) len=88 calls=18 err=None
[OT] task 7 ep 21: any=True F(touch=True, succ=False) B(touch=True, succ=True) len=115 calls=23 err=None
[OT] task 7 ep 22: any=True F(touch=False, succ=False) B(touch=True, succ=True) len=92 calls=19 err=None
[OT] task 7 ep 23: any=False F(touch=True, succ=False) B(touch=True, succ=False) len=220 calls=44 err=None
[OT] task 7 ep 24: any=True F(touch=True, succ=True) B(touch=False, succ=False) len=94 calls=19 err=None
[OT] task 7 ep 25: any=True F(touch=True, succ=False) B(touch=True, succ=True) len=102 calls=21 err=None
[OT] task 7 ep 26: any=True F(touch=True, succ=False) B(touch=True, succ=True) len=96 calls=20 err=None
[OT] task 7 ep 27: any=True F(touch=False, succ=False) B(touch=True, succ=True) len=103 calls=21 err=None
[OT] task 7 ep 28: any=True F(touch=False, succ=False) B(touch=True, succ=True) len=98 calls=20 err=None
[OT] task 7 ep 29: any=True F(touch=True, succ=True) B(touch=False, succ=False) len=94 calls=19 err=None
[OT] task 8 ep 20: any=True F(touch=True, succ=True) B(touch=False, succ=False) len=145 calls=29 err=None
[OT] task 8 ep 21: any=False F(touch=True, succ=False) B(touch=False, succ=False) len=220 calls=44 err=None
[OT] task 8 ep 22: any=True F(touch=True, succ=True) B(touch=False, succ=False) len=189 calls=38 err=None
[OT] task 8 ep 23: any=False F(touch=True, succ=False) B(touch=False, succ=False) len=220 calls=44 err=None
[OT] task 8 ep 24: any=False F(touch=True, succ=False) B(touch=False, succ=False) len=220 calls=44 err=None
[OT] task 8 ep 25: any=True F(touch=True, succ=True) B(touch=False, succ=False) len=103 calls=21 err=None
[OT] task 8 ep 26: any=False F(touch=True, succ=False) B(touch=False, succ=False) len=220 calls=44 err=None
[OT] task 8 ep 27: any=True F(touch=True, succ=True) B(touch=False, succ=False) len=159 calls=32 err=None
[OT] task 8 ep 28: any=True F(touch=True, succ=True) B(touch=False, succ=False) len=99 calls=20 err=None
[OT] task 8 ep 29: any=True F(touch=True, succ=True) B(touch=False, succ=False) len=105 calls=21 err=None
[OT] task 9 ep 20: any=True F(touch=True, succ=True) B(touch=False, succ=False) len=108 calls=22 err=None
[OT] task 9 ep 21: any=True F(touch=True, succ=True) B(touch=True, succ=False) len=98 calls=20 err=None
[OT] task 9 ep 22: any=True F(touch=True, succ=True) B(touch=False, succ=False) len=105 calls=21 err=None
[OT] task 9 ep 23: any=True F(touch=True, succ=True) B(touch=False, succ=False) len=109 calls=22 err=None
[OT] task 9 ep 24: any=True F(touch=True, succ=True) B(touch=False, succ=False) len=107 calls=22 err=None
[OT] task 9 ep 25: any=False F(touch=True, succ=False) B(touch=True, succ=False) len=220 calls=44 err=None
[OT] task 9 ep 26: any=True F(touch=True, succ=True) B(touch=False, succ=False) len=110 calls=22 err=None
[OT] task 9 ep 27: any=True F(touch=True, succ=True) B(touch=False, succ=False) len=112 calls=23 err=None
[OT] task 9 ep 28: any=False F(touch=False, succ=False) B(touch=True, succ=False) len=220 calls=44 err=None
[OT] task 9 ep 29: any=True F(touch=True, succ=True) B(touch=False, succ=False) len=110 calls=22 err=None
[OT] task 10 ep 20: any=True F(touch=False, succ=False) B(touch=True, succ=True) len=114 calls=23 err=None
[OT] task 10 ep 21: any=True F(touch=True, succ=True) B(touch=False, succ=False) len=131 calls=27 err=None
[OT] task 10 ep 22: any=True F(touch=False, succ=False) B(touch=True, succ=True) len=123 calls=25 err=None
[OT] task 10 ep 23: any=True F(touch=False, succ=False) B(touch=True, succ=True) len=157 calls=32 err=None
[OT] task 10 ep 24: any=True F(touch=False, succ=False) B(touch=False, succ=False) len=165 calls=33 err=None
[OT] task 10 ep 25: any=True F(touch=False, succ=False) B(touch=False, succ=False) len=115 calls=23 err=None
[OT] task 10 ep 26: any=True F(touch=False, succ=False) B(touch=False, succ=False) len=157 calls=32 err=None
[OT] task 10 ep 27: any=True F(touch=False, succ=False) B(touch=True, succ=True) len=135 calls=27 err=None
[OT] task 10 ep 28: any=True F(touch=False, succ=False) B(touch=True, succ=True) len=132 calls=27 err=None
[OT] task 10 ep 29: any=True F(touch=False, succ=False) B(touch=True, succ=True) len=133 calls=27 err=None
[OT] task 11 ep 20: any=True F(touch=False, succ=False) B(touch=True, succ=True) len=98 calls=20 err=None
[OT] task 11 ep 21: any=True F(touch=False, succ=False) B(touch=True, succ=True) len=100 calls=20 err=None
[OT] task 11 ep 22: any=True F(touch=False, succ=False) B(touch=True, succ=True) len=100 calls=20 err=None
[OT] task 11 ep 23: any=True F(touch=False, succ=False) B(touch=True, succ=True) len=100 calls=20 err=None
[OT] task 11 ep 24: any=True F(touch=True, succ=True) B(touch=False, succ=False) len=105 calls=21 err=None
[OT] task 11 ep 25: any=True F(touch=False, succ=False) B(touch=True, succ=True) len=94 calls=19 err=None
[OT] task 11 ep 26: any=True F(touch=True, succ=False) B(touch=True, succ=True) len=94 calls=19 err=None
[OT] task 11 ep 27: any=True F(touch=False, succ=False) B(touch=True, succ=True) len=96 calls=20 err=None
[OT] task 11 ep 28: any=True F(touch=True, succ=False) B(touch=True, succ=True) len=107 calls=22 err=None
[OT] task 11 ep 29: any=True F(touch=False, succ=False) B(touch=True, succ=True) len=98 calls=20 err=None
[OT] task 12 ep 20: any=True F(touch=True, succ=True) B(touch=False, succ=False) len=112 calls=23 err=None
[OT] task 12 ep 21: any=True F(touch=True, succ=True) B(touch=False, succ=False) len=133 calls=27 err=None
[OT] task 12 ep 22: any=True F(touch=True, succ=True) B(touch=False, succ=False) len=121 calls=25 err=None
[OT] task 12 ep 23: any=True F(touch=True, succ=True) B(touch=False, succ=False) len=107 calls=22 err=None
[OT] task 12 ep 24: any=True F(touch=True, succ=True) B(touch=False, succ=False) len=128 calls=26 err=None
[OT] task 12 ep 25: any=True F(touch=True, succ=True) B(touch=False, succ=False) len=112 calls=23 err=None
[OT] task 12 ep 26: any=True F(touch=False, succ=False) B(touch=True, succ=True) len=85 calls=17 err=None
[OT] task 12 ep 27: any=True F(touch=True, succ=True) B(touch=False, succ=False) len=115 calls=23 err=None
[OT] task 12 ep 28: any=True F(touch=True, succ=True) B(touch=False, succ=False) len=158 calls=32 err=None
[OT] task 12 ep 29: any=True F(touch=True, succ=True) B(touch=False, succ=False) len=113 calls=23 err=None
Gym has been unmaintained since 2022 and does not support NumPy 2.0 amongst other critical functionality.
Please upgrade to Gymnasium, the maintained drop-in replacement of Gym, or contact the authors of your software and request that they upgrade.
See the migration guide at https://gymnasium.farama.org/introduction/migration_guide/ for additional information.
wrote /home/stanley/Stanley_ws/VLA-steering-2027/results/S2d/seed1/OT/episodes.jsonl
